app/api/secret-admin/set-premium/route.ts(107,1): error TS1005: ')' expected.
